exit: 1
--- stdout ---
Usage: treecheck [OPTIONS] <directory>

Walks <directory> and checks every file against its .sha256 sidecar,
reporting anything whose contents no longer match. Recursive by default.
Never modifies, moves or deletes your data.

OPTIONS:
  -c              Create missing sidecars, and verify the ones that exist
  -f              Overwrite existing sidecars (use with -c)
  -n              Skip verification (create only; requires -c)
  -e DIRS         Exclude directories, comma-separated
  -j N, --jobs N  Hash across N parallel workers (default: one per CPU, up to 8)
  -v              Verbose (report how many files were skipped)
  --no-recurse    Only the named directory (same as --max-depth 1)
  --max-depth N   Descend at most N levels
  --strict        Treat missing sidecars as a failure too
  --log           Print verdicts to stdout instead of taking over the screen
  --review        With --log, show the results view when the run ends
  --no-review     Never show the results view
  -V, --version   Print version and exit
  -h              Show this help

EXIT STATUS:
  0   clean
  1   verification failed: a mismatch, an I/O error, or a failed walk
  2   nothing corrupt, but some files have no usable sidecar yet
  130 interrupted: only the files reported as scanned were checked

KEYS (on a terminal, unless --log):
  tab             Move focus between the log, the filter and the file list
  up, down, j, k  Scroll or select in the focused pane (PgUp, PgDn, g, G too)
  space           Show or hide the worker rows while scanning
  p               Pause or resume the hashing
  q               Stop and exit

EXAMPLES:
  treecheck /Volumes/Media                   Verify the whole tree
  treecheck -c /Volumes/Media                Create missing sidecars, verify rest
  treecheck -cn /Volumes/Media               Create only, skip verification
  treecheck --no-recurse /Volumes/Media      Top level only
  treecheck -e "temp,cache" /Volumes/Media   Skip those directories
  treecheck --strict /Volumes/Media          Missing sidecars are failures too
--- stderr ---
ERROR: Unknown: -q
